// Jest Snapshot v1, https://goo.gl/fbAQLP

exports[`AddMood component renders form approriately 1`] = `
<section
  className="add-mood"
>
  <h1>
    Add a mood!
  </h1>
  <form
    onSubmit={[Function]}
  >
    <label
      htmlFor="mood"
    >
      What's your mood, one being the worst you could possibly feel, 10 being the best?
    </label>
    <select
      name="mood"
      onChange={[Function]}
      required={true}
    >
      <option>
        1
      </option>
      <option>
        2
      </option>
      <option>
        3
      </option>
      <option>
        4
      </option>
      <option>
        5
      </option>
      <option>
        6
      </option>
      <option>
        7
      </option>
      <option>
        8
      </option>
      <option>
        9
      </option>
      <option>
        10
      </option>
    </select>
    <br />
    <label
      htmlFor="category"
    >
      What category would you like to put your mood in?
    </label>
    <select
      name="category"
      required={true}
    >
      <option
        value={1}
      >
        Work
      </option>
      <option
        value={5}
      >
        Play
      </option>
      <option
        value={3}
      >
        Substances
      </option>
      <option
        value={2}
      >
        Study
      </option>
      <option
        value={4}
      >
        Day off
      </option>
    </select>
    <br />
    <label
      htmlFor="sleep-time"
    >
      How many hours did you sleep last night?
    </label>
    <select
      required={true}
    >
      <option>
        1
      </option>
      <option>
        2
      </option>
      <option>
        3
      </option>
      <option>
        4
      </option>
      <option>
        5
      </option>
      <option>
        6
      </option>
      <option>
        7
      </option>
      <option>
        8
      </option>
      <option>
        9
      </option>
      <option>
        10
      </option>
      <option>
        11
      </option>
      <option>
        12
      </option>
      <option>
        13
      </option>
    </select>
    <br />
    <label
      htmlFor="mood-note"
    >
      Note:
    </label>
    <textarea
      name="moodNote"
      placeholder="Say something about how you're feeling, it will help you in the long run!"
      required={true}
      type="text"
    />
    <br />
    <button
      id="submit-mood-btn"
      type="submit"
    >
      Send it in
    </button>
    <br />
    <Link
      to="/home"
    >
      <button
        id="cancel-mood-btn"
        type="click"
      >
        Cancel
      </button>
    </Link>
  </form>
</section>
`;
