// Jest Snapshot v1, https://goo.gl/fbAQLP

exports[`Chart component renders form approriately 1`] = `
<div
  id="chart-js"
>
  <select
    defaultValue="allTime"
    id="chart-filter"
    name="filter"
    onChange={[Function]}
  >
    <option
      value="pastWeek"
    >
      Past week
    </option>
    <option
      value="pastMonth"
    >
      Past month
    </option>
    <option
      value="allTime"
    >
      All time
    </option>
  </select>
  <br />
  <Line
    className="chart-js-true"
    data={
      Object {
        "datasets": Array [
          Object {
            "backgroundColor": "rgba(75,192,192,1)",
            "borderColor": "rgba(0,0,0,1)",
            "borderWidth": 2,
            "data": Array [
              0,
            ],
            "fill": true,
            "label": "your mood",
            "lineTension": 0.6,
            "pointBorderWidth": 2,
            "pointRadius": 6,
            "yAxisID": "y-axis-1",
          },
          Object {
            "backgroundColor": "#5B4E77",
            "borderColor": "#5B4E77",
            "borderWidth": 2,
            "data": Array [
              0,
            ],
            "fill": false,
            "label": "hours slept",
            "lineTension": 0.5,
            "pointBorderWidth": 2,
            "pointRadius": 6,
            "yAxisID": "y-axis-2",
          },
        ],
        "labels": Array [
          "your mood",
          "hours slept",
        ],
        "moods": Array [],
      }
    }
    options={
      Object {
        "legend": Object {
          "display": true,
          "fontSize": 20,
          "position": "top",
        },
        "maintainAspectRatio": false,
        "responsive": true,
        "scales": Object {
          "xAxes": Array [
            Object {
              "barPercentage": 0.5,
              "barThickness": 22,
              "maxBarThickness": 38,
              "minBarLength": 18,
              "ticks": Object {
                "beginAtZero": false,
              },
            },
          ],
          "yAxes": Array [
            Object {
              "display": true,
              "id": "y-axis-1",
              "labels": Object {
                "show": false,
              },
              "position": "left",
              "ticks": Object {
                "suggestedMax": 10,
                "suggestedMin": 1,
              },
              "type": "linear",
            },
            Object {
              "display": true,
              "gridLines": Object {
                "display": false,
              },
              "id": "y-axis-2",
              "labels": Object {
                "show": true,
              },
              "position": "right",
              "ticks": Object {
                "suggestedMax": 14,
                "suggestedMin": 1,
              },
              "type": "linear",
            },
          ],
        },
        "title": Object {
          "display": true,
          "fontSize": 20,
          "text": "Your mood history",
        },
      }
    }
  />
</div>
`;
