// Jest Snapshot v1, https://goo.gl/fbAQLP

exports[`Home component renders form approriately 1`] = `
<div
  className="home-view"
>
  <div
    className="quote-generator-container"
  >
    <QuoteGenerator />
  </div>
  <section
    className="home-page"
  >
    <div
      className="mood-display"
      id="mood-display"
    >
      <h1>
        How have you been feeling recently?
      </h1>
      <div
        className="add-mood-filter-btn-container"
      />
      <br />
      <div
        className="chart-container"
      >
        <Chart
          props={Array []}
        />
      </div>
    </div>
    <div
      className="past-moods"
    >
      <Link
        to="/add-mood"
      >
        <button
          className="add-mood-btn"
          type="click"
        >
          Add a mood
        </button>
      </Link>
      <ul
        className="past-moods-list"
        id="mood-list"
      >
        <br />
      </ul>
    </div>
  </section>
</div>
`;
