// Jest Snapshot v1, https://goo.gl/fbAQLP

exports[`Mood Component renders props approriately 1`] = `
<Fragment>
  <li
    className="mood-item"
    onClick={[Function]}
  >
    <h2>
      /10
    </h2>
    <h3>
      Invalid Date
    </h3>
    <button
      className="expand-mood-btn"
      onClick={[Function]}
      type="button"
    >
      Expand
    </button>
  </li>
</Fragment>
`;
