// Jest Snapshot v1, https://goo.gl/fbAQLP

exports[`Nav component  renders form approriately 1`] = `
<Fragment>
  <nav
    className="Header"
  >
    <ul>
      <li
        className="right"
      >
        <Link
          to="/"
        >
          Moodify
        </Link>
      </li>
      <li
        className="left"
      >
        <Link
          to="/login"
        >
          Log in
        </Link>
      </li>
      <li
        className="right"
      >
        <Link
          to="/register"
        >
          Register
        </Link>
      </li>
    </ul>
  </nav>
</Fragment>
`;
